>>> say_my_name = __import__('3-say_my_name').say_my_name

>>> say_my_name("John", "Doe")
My name is John Doe

>>> say_my_name("Alice")
My name is Alice 

>>> say_my_name("", "Smith")
My name is  Smith

>>> say_my_name("", "")
My name is  

# Test case 5: First name is an integer
>>> say_my_name(42, "Johnson")
Traceback (most recent call last):
  ...
TypeError: first_name must be a string

# Test case 6: Last name is a float
>>> say_my_name("Jane", 3.14)
Traceback (most recent call last):
  ...
TypeError: last_name must be a string

>>> say_my_name("Njoro", (1, 9))
Traceback (most recent call last):
...
TypeError: last_name must be a string

>>> say_my_name((1, 9), "Njoro")
Traceback (most recent call last):
...
TypeError: first_name must be a string

>>> say_my_name(1, 9)
Traceback (most recent call last):
...
TypeError: first_name must be a string

>>> say_my_name()
Traceback (most recent call last):
...
TypeError: say_my_name() missing 1 required positional argument: 'first_name'

>>> say_my_name("Brenda", "Joy", "mzing")
Traceback (most recent call last):
...
TypeError: say_my_name() takes from 1 to 2 positional arguments but 3 were given

>>> say_my_name(9)
Traceback (most recent call last):
...
TypeError: first_name must be a string

>>> say_my_name(None, 9)
Traceback (most recent call last):
...
TypeError: first_name must be a string
